---
source: crates/omapac/tests/manifest.rs
expression: rig.redact(&out)
---
  libreoffice-fresh  absent  <- <home>/.config/omapac/omapac.toml
  pacman             installed 7.1.0-2  <- <root>/etc/omapac/conf.d/10-omarchy.toml
  yay                installed 13.0.1-1  <- <root>/etc/omapac/conf.d/10-omarchy.toml
+ curl               install from core  <- <home>/.config/omapac/omapac.toml
! google-chrome      needs the AUR review flow (not in this build)  <- <home>/.config/omapac/omapac.toml
! not-anywhere       not in any repository  <- <home>/.config/omapac/omapac.toml

1 to install, 0 to remove
